<testsuites id="" name="" tests="1" failures="0" skipped="0" errors="0" time="4.046454">
<testsuite name="form_authentication.spec.ts" timestamp="2024-07-24T16:32:35.234Z" hostname="" tests="1" failures="0" skipped="0" time="2.896" errors="0">
<testcase name="Form Authentication" classname="form_authentication.spec.ts" time="2.896">
<system-out>
<![CDATA[
[[ATTACHMENT|test-results/form_authentication-Form-Authentication/trace.zip]]
]]>
</system-out>
</testcase>
</testsuite>
</testsuites>